<script charset="utf-8">
  var value = 'prod';
</script>
<script charset="utf-8">
  var value = 'test and prod';
</script>
